   Compiling ckb-vm v0.24.0 (/Users/guopenglin/RustroverProjects/ckb-vm)
warning: unused import: `instruction_length`
 --> tests/test_decode_mop.rs:3:44
  |
3 | use ckb_vm::instructions::{extract_opcode, instruction_length, set_instruction_length_4, Rtype};
  |                                            ^^^^^^^^^^^^^^^^^^
  |
  = note: `#[warn(unused_imports)]` (part of `#[warn(unused)]`) on by default

warning: `ckb-vm` (test "test_decode_mop") generated 1 warning (run `cargo fix --test "test_decode_mop" -p ckb-vm` to apply 1 suggestion)
    Finished `test` profile [unoptimized + debuginfo] target(s) in 0.80s
     Running tests/test_decode_mop.rs (target/debug/deps/test_decode_mop-4e6d4b4cb1c7de55)

running 4 tests
test test_decode_mop_cache_collision ... FAILED
test test_decode_adcs_boundary_registers ... FAILED
test test_decode_mop_adc_partial_match ... FAILED
test test_decode_add3_version_check ... FAILED

failures:

---- test_decode_mop_cache_collision stdout ----

thread 'test_decode_mop_cache_collision' (14948996) panicked at tests/test_decode_mop.rs:88:5:
assertion `left == right` failed
  left: 18
 right: 17

---- test_decode_adcs_boundary_registers stdout ----

thread 'test_decode_adcs_boundary_registers' (14948993) panicked at tests/test_decode_mop.rs:71:5:
assertion `left == right` failed
  left: 18
 right: 17
note: run with `RUST_BACKTRACE=1` environment variable to display a backtrace

---- test_decode_mop_adc_partial_match stdout ----

thread 'test_decode_mop_adc_partial_match' (14948995) panicked at tests/test_decode_mop.rs:37:5:
assertion `left == right` failed
  left: 18
 right: 147

---- test_decode_add3_version_check stdout ----

thread 'test_decode_add3_version_check' (14948994) panicked at tests/test_decode_mop.rs:55:5:
assertion `left == right` failed
  left: 18
 right: 151


failures:
    test_decode_adcs_boundary_registers
    test_decode_add3_version_check
    test_decode_mop_adc_partial_match
    test_decode_mop_cache_collision

test result: FAILED. 0 passed; 4 failed; 0 ignored; 0 measured; 0 filtered out; finished in 0.00s

error: test failed, to rerun pass `--test test_decode_mop`
